Compiling 1 files with Solc 0.8.34
Solc 0.8.34 finished in 2.35s
Compiler run successful!

Ran 1 test for test/Backtest.t.sol:GroveForkTest
[PASS] test_grove_august_2026() (gas: 202413676)
Logs:
  grove  SoM nav 1881736758  debt 2793199823
  BACKTEST_DAY 0
  block 25656292
  timestamp 1785542399
  debt 2793199823952939000000000010
  nav 1881736758162242408652458278
  tab 0
  rebate 0
  owe 0
  gain 0
  sde 0
  gap 0
  BACKTEST_DAY 1
  block 25663469
  timestamp 1785628799
  debt 2793199823952939000000000010
  nav 1881754251908228237684742475
  tab 280102604058665397181818
  rebate 157584713206857975271109
  owe 2438023036693011222981
  gain 17493745985829032284197
  sde 0
  gap 0
  BACKTEST_DAY 2
  block 25670641
  timestamp 1785715199
  debt 2793199823952939000000000010
  nav 1881756825154720298930858602
  tab 560205208117331876911415
  rebate 315169426413716899372078
  owe 4876046073386042374266
  gain 20066992477890278400324
  sde 0
  gap 0
  BACKTEST_DAY 3
  block 25677819
  timestamp 1785801599
  debt 2793199823952939000000000010
  nav 1882248660593645846692652615
  tab 840307812175998984015261
  rebate 472754139620576373353092
  owe 7314069110079087282124
  gain 73516655462465440194338
  sde 438385775940972599999999
  gap 0
  BACKTEST_DAY 4
  block 25684999
  timestamp 1785887999
  debt 2793199823952939000000000010
  nav 1882433334579627438034023617
  tab 1120410416234664359483113
  rebate 630382807047897889412423
  owe 9752092146772113958482
  gain 122228893221174727565340
  sde 574347524163854653999999
  gap 0
  BACKTEST_DAY 5
  block 25692172
  timestamp 1785974399
  debt 2803199823952939000000000010
  nav 1882659533533442453620085645
  tab 1401515658218094415358296
  rebate 788025106515728378826491
  owe 12190115183465152428711
  gain 173014743303342917627368
  sde 749760627896702049999999
  gap -10000000000000000000000000
  BACKTEST_DAY 6
  block 25699361
  timestamp 1786060799
  debt 2806199823952939000000000010
  nav 1882872430256268813867246826
  tab 1682921691578954500976376
  rebate 945684993566589853837732
  owe 14628138220158206521120
  gain 233785175610801835229885
  sde 902085526035452185999999
  gap -13000198607619848806441336
  BACKTEST_DAY 7
  block 25706531
  timestamp 1786147199
  debt 2806699823952939000000000010
  nav 1878548949514847056746095086
  tab 1964377856836051892358714
  rebate 1103360153289426517175330
  owe 17066161256851253693407
  gain 271487316726235088223352
  sde 1041056282337547207999999
  gap -18000352246459134202586543
  BACKTEST_DAY 8
  block 25713689
  timestamp 1786233599
  debt 2799200028376339000000000010
  nav 1876069194684636141023720801
  tab 2245834022093149634856705
  rebate 1261049246747333650512996
  owe 19504184293544310843066
  gain 291860079580899147132368
  sde 1041056282337547207999999
  gap -13000684262924713983869844
  BACKTEST_DAY 9
  block 25720867
  timestamp 1786319999
  debt 2799200028376339000000000010
  nav 1876071416155103812747103577
  tab 2526538229402940831437979
  rebate 1418738340205241875160347
  owe 21942207330237390117668
  gain 294081550048570870515144
  sde 1041056282337547207999999
  gap -13000684262924713983869844
  BACKTEST_DAY 10
  block 25728039
  timestamp 1786406399
  debt 2777009373780260000000000010
  nav 1872099381236614143553740170
  tab 2807242436712730555961372
  rebate 1576427433663148813031656
  owe 24380230366930454750250
  gain 345679405359992025451353
  sde 1517904163308288391999999
  gap 4689489678382454483830540
  BACKTEST_DAY 11
  block 25735200
  timestamp 1786492799
  debt 2774259631793688000000000010
  nav 1869547991801159727413700892
  tab 3085721724835183411918353
  rebate 1734164337698036493700510
  owe 26818253403623528838375
  gain 410329397369336057037359
  sde 1652081652491563961999999
  gap 4689014748307418742205256
  BACKTEST_DAY 12
  block 25742366
  timestamp 1786579199
  debt 2773259631793688000000000010
  nav 1868739718429034077522135444
  tab 3363925313397730987379456
  rebate 1891914694876854718353824
  owe 29256276440316609184201
  gain 445999029515600233905266
  sde 1808258268229330307999999
  gap 4688895128297738327771901
  BACKTEST_DAY 13
  block 25749550
  timestamp 1786665599
  debt 2768991187291303000000000010
  nav 1864689857143201320814691964
  tab 3642028638167801582879523
  rebate 2049680710915462447112678
  owe 31694299477009687105659
  gain 486402945754584693482437
  sde 1987096949561193913999999
  gap 4688235747279133554751250
  BACKTEST_DAY 14
  block 25756720
  timestamp 1786751999
  debt 2762966938198829000000000010
  nav 1863812086633017118539267561
  tab 3919703992504089530076890
  rebate 2207464657998503410013060
  owe 34132322513702792217326
  gain 529293230944918961889941
  sde 2141407346259353775999999
  gap 9637513647680437148919343
  BACKTEST_DAY 15
  block 25763887
  timestamp 1786838399
  debt 2762966938198829000000000010
  nav 1863830366301552266696917899
  tab 4196775332779541930365901
  rebate 2365264076827134560158316
  owe 36570345550395882326154
  gain 547572899480067119540279
  sde 2141407346259353775999999
  gap 9637513647680437148919343
  BACKTEST_DAY 16
  block 25771073
  timestamp 1786924799
  debt 2762966938198829000000000010
  nav 1863831712181344707724236153
  tab 4473846673054994146246937
  rebate 2523063495655765545678187
  owe 39008368587088975147243
  gain 548918779272508146858533
  sde 2141407346259353775999999
  gap 9637513647680437148919343
  BACKTEST_DAY 17
  block 25778250
  timestamp 1787011199
  debt 2768672626823335000000000010
  nav 1860349826548485372245189335
  tab 4751490087310629550025902
  rebate 2680862914484397109660040
  owe 41446391623782082161894
  gain 539209022517073604259736
  sde 2587417826918162037999999
  gap 13638666411727950471322
  BACKTEST_DAY 18
  block 25785424
  timestamp 1787097599
  debt 2771951834485068000000000010
  nav 1863830065476332077450830459
  tab 5029534556736171654562109
  rebate 2838707052015304663217434
  owe 44065700019431144874791
  gain 592365604322663354193187
  sde 2735418707938092721999999
  gap 13512469699912722178995
  BACKTEST_DAY 19
  block 25792601
  timestamp 1787183999
  debt 2775952094963980000000000010
  nav 1867015521175463607460433411
  tab 5307907838074798123244019
  rebate 2996566028675831088370533
  owe 46685008415080179026514
  gain 619938376442904728659807
  sde 2893190192715465551999999
  gap -986636566978171472684673
  BACKTEST_DAY 20
  block 25799779
  timestamp 1787270399
  debt 2757298252642874000000000010
  nav 1848562281269534374760759474
  tab 5586283375444291468594544
  rebate 3154440824103767620327835
  owe 49304316810729246503872
  gain 684480757127801430862650
  sde 3052136376532444865999999
  gap -1009522716303280188561453
  BACKTEST_DAY 21
  block 25806958
  timestamp 1787356799
  debt 2754973285986086000000000010
  nav 1846411861849772090294691162
  tab 5862786351807547801271225
  rebate 3312331556078892575932208
  owe 51923625206378307279655
  gain 705445386975160344794338
  sde 3205708983710801485999999
  gap -1009512716303280188561453
  BACKTEST_DAY 22
  block 25814126
  timestamp 1787443199
  debt 2754973285986086000000000010
  nav 1846422984896558807548659935
  tab 6139056218196414094371185
  rebate 3470237685826034396512477
  owe 54542933602027384452409
  gain 716568433761877598763111
  sde 3205708983710801485999999
  gap -1009512716303280188561453
  BACKTEST_DAY 23
  block 25821305
  timestamp 1787529599
  debt 2754973285986086000000000010
  nav 1846423520688122109466528578
  tab 6415326084585278986791069
  rebate 3628143815573174960127407
  owe 57162241997676446034162
  gain 717104225325179516631754
  sde 3205708983710801485999999
  gap -1009512716303280188561453
  BACKTEST_DAY 24
  block 25828483
  timestamp 1787615999
  debt 2754973285986086000000000010
  nav 1796903829004203837224848183
  tab 6691595950974144542426703
  rebate 3781057617536671709389052
  owe 59781550393325522748141
  gain 752235519307508738951359
  sde 3650886005810200021999998
  gap -51009512716303280188561452
  BACKTEST_DAY 25
  block 25835657
  timestamp 1787702399
  debt 2704998286356368000000000010
  nav 1797110907148430897139398394
  tab 6967865817363010683099689
  rebate 3933995192796551425610928
  owe 62400858788974613431096
  gain 816017619633457421501570
  sde 3794182049711311253999998
  gap -1034513086585280188561452
  BACKTEST_DAY 26
  block 25842829
  timestamp 1787788799
  debt 2704998286356368000000000010
  nav 1798086672090509994947155076
  tab 7239125000759993538357331
  rebate 4086947135461239480177748
  owe 65020167184623708438434
  gain 869362809953555229258252
  sde 3858733449711311253999998
  gap -176644734826280188561452
  BACKTEST_DAY 27
  block 25850009
  timestamp 1787875199
  debt 2704140418004609000000000010
  nav 1797522864694240781574755318
  tab 7510384184156975136702783
  rebate 4239905550294100072504788
  owe 67639475580272789448455
  gain 925828153487612406858494
  sde 4096329061667040703999998
  gap -176644734826280188561452
  BACKTEST_DAY 28
  block 25857181
  timestamp 1787961599
  debt 2696141255876834000000000010
  nav 1799694294938423026537661938
  tab 7781757882004518308766750
  rebate 4392887787364092521380126
  owe 70258783975921900022686
  gain 952781897610320201765114
  sde 4240805561726577871999998
  gap 9822517392948719811438548
  BACKTEST_DAY 29
  block 25864358
  timestamp 1788047999
  debt 2698118765885490000000000000
  nav 1801693550571658126705694719
  tab 8052327298588671316650506
  rebate 4545884510195903959408493
  owe 72878092371571003878170
  gain 974527522189420369797905
  sde 4240805561726577871999998
  gap 9822517392948719811438548
  BACKTEST_DAY 30
  block 25871535
  timestamp 1788134399
  debt 2698118765885490000000000000
  nav 1801694052123400829733298753
  tab 8322896715172823650690614
  rebate 4698881233027714791916043
  owe 75497400767220102629845
  gain 975029073932123397401939
  sde 4240805561726577871999998
  gap 9822517392948719811438548
  BACKTEST_DAY 31
  block 25878704
  timestamp 1788220799
  debt 2701642082311047000000000010
  nav 1780655552071425464271069378
  tab 8593819392823897140533280
  rebate 4849390771518261398872667
  owe 78036498128888076190251
  gain 1033916917842176613172554
  sde 4619928495999159193999997
  gap -15177309862766280188561451
  grove  EoM nav 1780655552  debt 2701642082
                    Tally (daily)      pipeline (monthly)
  sky share (BR)  859381939      833981088
  prime revenue   103391691      491318300
  sde revenue     461992849      461920604
  agent rate      7803649      7832095
  rebates         484939077
  net BR (tab-rb) 374442862
  equity gap      -1517730986   (value that entered without a draw, or left without a wipe)
  (cents)
  LP venues: Tally 4986134 vs pipeline -49,542.82 (cents, signed below)
  BUIDL_YIELD 2112593749999999999999997
  per-venue EoM values (cents):
    0xE3190143Eb552456F88464662f0c0C4aC67A77eB  1
    0x68215B6533c47ff9f7125aC95adf00fE4a62f79e  0
    0xFa82580c16A31D0c1bC632A36F82e83EfEF3Eec0  37
    0xBeefF08dF54897e7544aB01d0e86f013DA354111  401096168
    0xBEEf2B5FD3D94469b7782aeBe6364E6e6FB1B709  0
    0xBEEfF0d672ab7F5018dFB614c93981045D4aA98a  2
    0xd8A6511979D9C5D387c819E9F8ED9F3a5C6c5379  0
    0x80ac24aA929eaF5013f6436cdA2a7ba190f5Cc0b  0
    0x51C2d74017390CbBd30550179A16A1c28F7210fc  10306999380
    0x5a0F93D040De44e78F251b03c43be9CF317Dcf64  13073497220
    0x8c213ee79581Ff4984583C6a801e5263418C4b86  85806660953
    0x6a9DA2D710BB9B700acde7Cb81F10F1fF8C89041  64325442176
    0x8292Bb45bf1Ee4d140127049757C2E0fF06317eD  0
    0x00000000eFE302BEAA2b3e6e1b18d08D69a9012a  0
    0xA0b86991c6218b36c1d19D4a2e9Eb0cE3606eB48  99917
    0x6B175474E89094C44Da98b954EedeAC495271d0F  0
    0x6c3ea9036406852006290770BEdFcAbA0e23A0e8  0
    0xdC035D45d973E3EC169d2276DDab16f1e407384F  0
    0xa3931d71877C0E7a3148CB7Eb4463524FEc27fbD  0
    0xE79c1c7E24755574438a26D5e062Ad2626C04663  0
    0xE79C1c7e24755574438a26D5E062ad2626c04664  0
    0xbAfeaD7C60EA473758ed6C6021505E8Bbd7E8e60  2900752450
    0xbafEaD7C60Ea473758ed6C6021505e8bbd7E8e63  0
    0x00000000EfE302BeAA2b3e6e1b18d08D69a9012B  1006897
    0xa0B86991C6218b36c1d19d4A2E9eB0CE3606eb49  0
    0xdC035D45D973e3ec169d2276dDaB16f1e4073850  0
    0xDC035d45D973E3EC169d2276ddAB16f1E4073851  1250000000

Suite result: ok. 1 passed; 0 failed; 0 skipped; finished in 6.05s (5.52s CPU time)

Ran 1 test suite in 7.00s (6.05s CPU time): 1 tests passed, 0 failed, 0 skipped (1 total tests)
