No files changed, compilation skipped

Ran 1 test for test/Backtest.t.sol:ObexForkTest
[PASS] test_obex_august_2026() (gas: 35696809)
Logs:
  OBEX_DAY 0
  block 25656292
  timestamp 1785542399
  debt 399995772000000000000000000
  sub_usds 23759786000000000000000000
  sub_susds_value 0
  ssr_index 1104813687619304213
  nav 402261462045795485954000000
  syrup_value 402261461627222485954000000
  alm_usds 0
  alm_usdc 418573000000000000
  tab 0
  gain 0
  owe 0
  rebate 0
  sde 0
  gap 0
  OBEX_DAY 1
  block 25663469
  timestamp 1785628799
  debt 399995772000000000000000000
  sub_usds 23759786000000000000000000
  sub_susds_value 0
  ssr_index 1104918406655973992
  nav 402314473582872402184000000
  syrup_value 402314473164299402184000000
  alm_usds 0
  alm_usdc 418573000000000000
  tab 40105093075253220766135
  gain 53011537076916230000000
  owe 2382246252788138023654
  rebate 0
  sde 0
  gap 0
  OBEX_DAY 2
  block 25670641
  timestamp 1785715199
  debt 399995772000000000000000000
  sub_usds 23759786000000000000000000
  sub_susds_value 0
  ssr_index 1105023135618368592
  nav 402367143110032693148000000
  syrup_value 402367142691459693148000000
  alm_usds 0
  alm_usdc 418573000000000000
  tab 80210186150506683008166
  gain 105681064237207194000000
  owe 4764492505576290390998
  rebate 0
  sde 0
  gap 0
  OBEX_DAY 3
  block 25677819
  timestamp 1785801599
  debt 399995772000000000000000000
  sub_usds 23759786000000000000000000
  sub_susds_value 0
  ssr_index 1105127874507428816
  nav 402419470627276358846000000
  syrup_value 402419470208703358846000000
  alm_usds 0
  alm_usdc 418573000000000000
  tab 120315279225760285193913
  gain 158008581480872892000000
  owe 7146738758364451071012
  rebate 0
  sde 0
  gap 0
  OBEX_DAY 4
  block 25684999
  timestamp 1785887999
  debt 399995772000000000000000000
  sub_usds 23759786000000000000000000
  sub_susds_value 0
  ssr_index 1105232623324095555
  nav 402470772114770148746000000
  syrup_value 402470771696197148746000000
  alm_usds 0
  alm_usdc 418573000000000000
  tab 160420372301013501116475
  gain 209310068974662792000000
  owe 9528985011152588806957
  rebate 0
  sde 0
  gap 0
  OBEX_DAY 5
  block 25692172
  timestamp 1785974399
  debt 399995772000000000000000000
  sub_usds 23759786000000000000000000
  sub_susds_value 0
  ssr_index 1105337382069309792
  nav 402521731592347313380000000
  syrup_value 402521731173774313380000000
  alm_usds 0
  alm_usdc 418573000000000000
  tab 200525465376266824680262
  gain 260269546551827426000000
  owe 11911231263940732936801
  rebate 0
  sde 0
  gap 0
  OBEX_DAY 6
  block 25699361
  timestamp 1786060799
  debt 399995772000000000000000000
  sub_usds 23759786000000000000000000
  sub_susds_value 0
  ssr_index 1105442150744012598
  nav 402573717099674353812000000
  syrup_value 402573716681101353812000000
  alm_usds 0
  alm_usdc 418573000000000000
  tab 240630558451520318852139
  gain 312255053878867858000000
  owe 14293477516728887200781
  rebate 0
  sde 0
  gap 0
  OBEX_DAY 7
  block 25706531
  timestamp 1786147199
  debt 399995772000000000000000000
  sub_usds 23759786000000000000000000
  sub_susds_value 0
  ssr_index 1105546929349145132
  nav 402625360597084768978000000
  syrup_value 402625360178511768978000000
  alm_usds 0
  alm_usdc 418573000000000000
  tab 280735651526773612806632
  gain 363898551289283024000000
  owe 16675723769517029571830
  rebate 0
  sde 0
  gap 0
  OBEX_DAY 8
  block 25713689
  timestamp 1786233599
  debt 399995772000000000000000000
  sub_usds 23759786000000000000000000
  sub_susds_value 0
  ssr_index 1105651717885648644
  nav 402677346104411809410000000
  syrup_value 402677345685838809410000000
  alm_usds 0
  alm_usdc 418573000000000000
  tab 320840744602026984496660
  gain 415884058616323456000000
  owe 19057970022305176560377
  rebate 0
  sde 0
  gap 0
  OBEX_DAY 9
  block 25720867
  timestamp 1786319999
  debt 399995772000000000000000000
  sub_usds 23759786000000000000000000
  sub_susds_value 0
  ssr_index 1105756516354464473
  nav 402729673621655475108000000
  syrup_value 402729673203082475108000000
  alm_usds 0
  alm_usdc 418573000000000000
  tab 360945837677280633739659
  gain 468211575859989154000000
  owe 21440216275093340035596
  rebate 0
  sde 0
  gap 0
  OBEX_DAY 10
  block 25728039
  timestamp 1786406399
  debt 399995772000000000000000000
  sub_usds 23759786000000000000000000
  sub_susds_value 0
  ssr_index 1105861324756534045
  nav 402782001138899140806000000
  syrup_value 402782000720326140806000000
  alm_usds 0
  alm_usdc 418573000000000000
  tab 401050930752533955716696
  gain 520539093103654852000000
  owe 23822462527881484071187
  rebate 0
  sde 0
  gap 0
  OBEX_DAY 11
  block 25735200
  timestamp 1786492799
  debt 399995772000000000000000000
  sub_usds 23759786000000000000000000
  sub_susds_value 0
  ssr_index 1105966143092798878
  nav 402833986646226181238000000
  syrup_value 402833986227653181238000000
  alm_usds 0
  alm_usdc 418573000000000000
  tab 441156023827787346820697
  gain 572524600430695284000000
  owe 26204708780669632212926
  rebate 0
  sde 0
  gap 0
  OBEX_DAY 12
  block 25742366
  timestamp 1786579199
  debt 399995772000000000000000000
  sub_usds 23759786000000000000000000
  sub_susds_value 0
  ssr_index 1106070971364200578
  nav 402885972153553221670000000
  syrup_value 402885971734980221670000000
  alm_usds 0
  alm_usdc 418573000000000000
  tab 481261116903040754439486
  gain 624510107757735716000000
  owe 28586955033457781335645
  rebate 0
  sde 0
  gap 0
  OBEX_DAY 13
  block 25749550
  timestamp 1786665599
  debt 399995772000000000000000000
  sub_usds 23759786000000000000000000
  sub_susds_value 0
  ssr_index 1106175809571680840
  nav 402937615650963636836000000
  syrup_value 402937615232390636836000000
  alm_usds 0
  alm_usdc 418573000000000000
  tab 521366209978294035746188
  gain 676153605168150882000000
  owe 30969201286245922955414
  rebate 0
  sde 0
  gap 0
  OBEX_DAY 14
  block 25756720
  timestamp 1786751999
  debt 399995772000000000000000000
  sub_usds 23759786000000000000000000
  sub_susds_value 0
  ssr_index 1106280657716181450
  nav 402989601158290677268000000
  syrup_value 402989600739717677268000000
  alm_usds 0
  alm_usdc 418573000000000000
  tab 561471303053547677887724
  gain 728139112495191314000000
  owe 33351447539034086008806
  rebate 0
  sde 0
  gap 0
  OBEX_DAY 15
  block 25763887
  timestamp 1786838399
  debt 399995772000000000000000000
  sub_usds 23759786000000000000000000
  sub_susds_value 0
  ssr_index 1106385515798644280
  nav 403041244655701092434000000
  syrup_value 403041244237128092434000000
  alm_usds 0
  alm_usdc 418573000000000000
  tab 601576396128800986786941
  gain 779782609905606480000000
  owe 35733693791822229267573
  rebate 0
  sde 0
  gap 0
  OBEX_DAY 16
  block 25771073
  timestamp 1786924799
  debt 399995772000000000000000000
  sub_usds 23759786000000000000000000
  sub_susds_value 0
  ssr_index 1106490383820011294
  nav 403093230163028132866000000
  syrup_value 403093229744455132866000000
  alm_usds 0
  alm_usdc 418573000000000000
  tab 641681489204054253846229
  gain 831768117232646912000000
  owe 38115940044610370041044
  rebate 0
  sde 0
  gap 0
  OBEX_DAY 17
  block 25778250
  timestamp 1787011199
  debt 402531740000000000000000000
  sub_usds 24676522000000000000000000
  sub_susds_value 0
  ssr_index 1106595261781224545
  nav 403144873660438548032000000
  syrup_value 403144873241865548032000000
  alm_usds 0
  alm_usdc 418573000000000000
  tab 682040848048586509825322
  gain 883411614643062078000000
  owe 40498186297398519547367
  rebate 0
  sde 0
  gap -2535968000000000000000000
  OBEX_DAY 18
  block 25785424
  timestamp 1787097599
  debt 402531740000000000000000000
  sub_usds 24676522000000000000000000
  sub_susds_value 0
  ssr_index 1106700149683226175
  nav 403196859167765588464000000
  syrup_value 403196858749192588464000000
  alm_usds 0
  alm_usdc 418573000000000000
  tab 722400206893118997584129
  gain 935397121970102510000000
  owe 42972347978246346637710
  rebate 0
  sde 0
  gap -2535968000000000000000000
  OBEX_DAY 19
  block 25792601
  timestamp 1787183999
  debt 402531740000000000000000000
  sub_usds 24676522000000000000000000
  sub_susds_value 0
  ssr_index 1106805047526958413
  nav 403248502665176003630000000
  syrup_value 403248502246603003630000000
  alm_usds 0
  alm_usdc 418573000000000000
  tab 762759565737650964255181
  gain 987040619380517676000000
  owe 45446509659094141783656
  rebate 0
  sde 0
  gap -2535968000000000000000000
  OBEX_DAY 20
  block 25799779
  timestamp 1787270399
  debt 402531740000000000000000000
  sub_usds 24676522000000000000000000
  sub_susds_value 0
  ssr_index 1106909955313363582
  nav 403300830182419669328000000
  syrup_value 403300829763846669328000000
  alm_usds 0
  alm_usdc 418573000000000000
  tab 803118924582183363407676
  gain 1039368136624183374000000
  owe 47920671339941963442140
  rebate 0
  sde 0
  gap -2535968000000000000000000
  OBEX_DAY 21
  block 25806958
  timestamp 1787356799
  debt 402531740000000000000000000
  sub_usds 24676522000000000000000000
  sub_susds_value 0
  ssr_index 1107014873043384090
  nav 403352815689746709760000000
  syrup_value 403352815271173709760000000
  alm_usds 0
  alm_usdc 418573000000000000
  tab 843478283426715578278566
  gain 1091353643951223806000000
  owe 50394833020789773803554
  rebate 0
  sde 0
  gap -2535968000000000000000000
  OBEX_DAY 22
  block 25814126
  timestamp 1787443199
  debt 402531740000000000000000000
  sub_usds 24676522000000000000000000
  sub_susds_value 0
  ssr_index 1107119800717962437
  nav 403405485216907000724000000
  syrup_value 403405484798334000724000000
  alm_usds 0
  alm_usdc 418573000000000000
  tab 883837642271247964771883
  gain 1144023171111514770000000
  owe 52868994701637594685988
  rebate 0
  sde 0
  gap -2535968000000000000000000
  OBEX_DAY 23
  block 25821305
  timestamp 1787529599
  debt 402531740000000000000000000
  sub_usds 24676522000000000000000000
  sub_susds_value 0
  ssr_index 1107224738338041210
  nav 403457812734150666422000000
  syrup_value 403457812315577666422000000
  alm_usds 0
  alm_usdc 418573000000000000
  tab 924197001115780029996385
  gain 1196350688355180468000000
  owe 55343156382485395873585
  rebate 0
  sde 0
  gap -2535968000000000000000000
  OBEX_DAY 24
  block 25828483
  timestamp 1787615999
  debt 402531740000000000000000000
  sub_usds 24676522000000000000000000
  sub_susds_value 0
  ssr_index 1107329685904563088
  nav 403510482261310957386000000
  syrup_value 403510481842737957386000000
  alm_usds 0
  alm_usdc 418573000000000000
  tab 964556359960312247340234
  gain 1249020215515471432000000
  owe 57817318063333206386600
  rebate 0
  sde 0
  gap -2535968000000000000000000
  OBEX_DAY 25
  block 25835657
  timestamp 1787702399
  debt 402531740000000000000000000
  sub_usds 24676522000000000000000000
  sub_susds_value 0
  ssr_index 1107434643418470838
  nav 403563151788471248350000000
  syrup_value 403563151369898248350000000
  alm_usds 0
  alm_usdc 418573000000000000
  tab 1004915718804844598871939
  gain 1301689742675762396000000
  owe 60291479744181025125772
  rebate 0
  sde 0
  gap -2535968000000000000000000
  OBEX_DAY 26
  block 25842829
  timestamp 1787788799
  debt 402531740000000000000000000
  sub_usds 24676522000000000000000000
  sub_susds_value 0
  ssr_index 1107539610880707316
  nav 403620951464380918304000000
  syrup_value 403620951045807918304000000
  alm_usds 0
  alm_usdc 418573000000000000
  tab 1045275077649376935976047
  gain 1359489418585432350000000
  owe 62765641425028842980485
  rebate 0
  sde 0
  gap -2535968000000000000000000
  OBEX_DAY 27
  block 25850009
  timestamp 1787875199
  debt 402531740000000000000000000
  sub_usds 24676522000000000000000000
  sub_susds_value 0
  ssr_index 1107644588292215467
  nav 403674305011374459800000000
  syrup_value 403674304592801459800000000
  alm_usds 0
  alm_usdc 418573000000000000
  tab 1085634436493908976336718
  gain 1412842965578973846000000
  owe 65239803105876642643848
  rebate 0
  sde 0
  gap -2535968000000000000000000
  OBEX_DAY 28
  block 25857181
  timestamp 1787961599
  debt 402531740000000000000000000
  sub_usds 24676522000000000000000000
  sub_susds_value 0
  ssr_index 1107749575653938328
  nav 403728342578201251828000000
  syrup_value 403728342159628251828000000
  alm_usds 0
  alm_usdc 418573000000000000
  tab 1125993795338441391159841
  gain 1466880532405765874000000
  owe 67713964786724465262993
  rebate 0
  sde 0
  gap -2535968000000000000000000
  OBEX_DAY 29
  block 25864358
  timestamp 1788047999
  debt 402531740000000000000000000
  sub_usds 24676522000000000000000000
  sub_susds_value 0
  ssr_index 1107854572966819022
  nav 403784774214444420718000000
  syrup_value 403784773795871420718000000
  alm_usds 0
  alm_usdc 418573000000000000
  tab 1166353154182973621375315
  gain 1523312168648934764000000
  owe 70188126467572276565081
  rebate 0
  sde 0
  gap -2535968000000000000000000
  OBEX_DAY 30
  block 25871535
  timestamp 1788134399
  debt 402531740000000000000000000
  sub_usds 24676522000000000000000000
  sub_susds_value 0
  ssr_index 1107959580231800763
  nav 403838811781271212746000000
  syrup_value 403838811362698212746000000
  alm_usds 0
  alm_usdc 418573000000000000
  tab 1206712513027505691859055
  gain 1577349735475726792000000
  owe 72662288148420078075087
  rebate 0
  sde 0
  gap -2535968000000000000000000
  OBEX_DAY 31
  block 25878704
  timestamp 1788220799
  debt 402531740000000000000000000
  sub_usds 24676522000000000000000000
  sub_susds_value 0
  ssr_index 1108064597449826855
  nav 403893191358014630040000000
  syrup_value 403893190939441630040000000
  alm_usds 0
  alm_usdc 418573000000000000
  tab 1247071871872037844768920
  gain 1631729312219144086000000
  owe 75136449829267884638086
  rebate 0
  sde 0
  gap -2535968000000000000000000
                    Tally (daily)      pipeline (monthly)
  sky share (BR)  124707187      124871685
  prime revenue   163172931      163172931
  sde revenue     0      0
  agent rate      7513644      7532759
  rebates         0
  net BR (tab-rb) 124707187
  equity gap      -253596800   (value that entered without a draw, or left without a wipe)
  (cents)

Suite result: ok. 1 passed; 0 failed; 0 skipped; finished in 8.09s (7.45s CPU time)

Ran 1 test suite in 10.58s (8.09s CPU time): 1 tests passed, 0 failed, 0 skipped (1 total tests)
