No files changed, compilation skipped

Ran 1 test for test/Backtest.t.sol:OseroForkTest
[PASS] test_osero_august_2026() (gas: 18491693)
Logs:
  osero  SoM nav 1000426  debt 1000000
  BACKTEST_DAY 0
  block 25656292
  timestamp 1785542399
  debt 1000000000000000000000000
  nav 1000426111300622294139038
  tab 0
  rebate 0
  owe 0
  gain 0
  sde 0
  gap 0
  BACKTEST_DAY 1
  block 25663469
  timestamp 1785628799
  debt 1000000000000000000000000
  nav 1000481888993457501809877
  tab 100263792476419527669
  rebate 38143801536994781528
  owe 1002637924764195276697
  gain 55777692835207670839
  sde 0
  gap 0
  BACKTEST_DAY 2
  block 25670641
  timestamp 1785715199
  debt 1000000000000000000000000
  nav 1000537668329863546357774
  tab 200527584952839659034
  rebate 76289791474584608339
  owe 2005275849528396590355
  gain 111557029241252218736
  sde 0
  gap 0
  BACKTEST_DAY 3
  block 25677819
  timestamp 1785801599
  debt 1000000000000000000000000
  nav 1000593455039001807274832
  tab 300791377429260140262
  rebate 114437856153524431067
  owe 3007913774292601402643
  gain 167343738379513135794
  sde 0
  gap 0
  BACKTEST_DAY 4
  block 25684999
  timestamp 1785887999
  debt 1001000000000000000000000
  nav 1001649270527050434367511
  tab 401155433698156075338
  rebate 152588087723243043049
  owe 4010551699056796558249
  gain 223131783317389764789
  sde 0
  gap 27443110750463684
  BACKTEST_DAY 5
  block 25692172
  timestamp 1785974399
  debt 1001000000000000000000000
  nav 1001700965906705926713359
  tab 501519489967052279789
  rebate 175529509010137751456
  owe 5013189623820994404914
  gain 278983596743091133029
  sde 0
  gap -4128990659458558708
  BACKTEST_DAY 6
  block 25699361
  timestamp 1786060799
  debt 1001000000000000000000000
  nav 1001749986522750977853416
  tab 601883546235948911191
  rebate 198470930297032557456
  owe 6015827548585196516827
  gain 312533216366217262758
  sde 0
  gap 11342005762466451620
  BACKTEST_DAY 7
  block 25706531
  timestamp 1786147199
  debt 1001000000000000000000000
  nav 1001805840219765467063619
  tab 702247602504845041544
  rebate 236665140516137464922
  owe 7018465473349393623252
  gain 368386913380706472961
  sde 0
  gap 11342005762466451620
  BACKTEST_DAY 8
  block 25713689
  timestamp 1786233599
  debt 1001000000000000000000000
  nav 1001861698768002640686620
  tab 802611658773741366432
  rebate 274861809573964548577
  owe 8021103398113592673086
  gain 424245461617880095962
  sde 0
  gap 11342005762466451620
  BACKTEST_DAY 9
  block 25720867
  timestamp 1786319999
  debt 1001000000000000000000000
  nav 1001917559035663275502659
  tab 902975715042638385904
  rebate 313060235613715988435
  owe 9023741322877798661818
  gain 480105729278514912001
  sde 0
  gap 11342005762466451620
  BACKTEST_DAY 10
  block 25728039
  timestamp 1786406399
  debt 1001000000000000000000000
  nav 1001973421687824003578976
  tab 1003339771311534586384
  rebate 351260856540862267365
  owe 10026379247641996468814
  gain 535968381439242988318
  sde 0
  gap 11342005762466451620
  BACKTEST_DAY 11
  block 25735200
  timestamp 1786492799
  debt 1001000000000000000000000
  nav 1002029292387717796628169
  tab 1103703827580430959856
  rebate 389463693756471145953
  owe 11029017172406196004003
  gain 591839081333036037511
  sde 0
  gap 11342005762466451620
  BACKTEST_DAY 12
  block 25742366
  timestamp 1786579199
  debt 1001000000000000000000000
  nav 1002085165188170766643669
  tab 1204067883849327374657
  rebate 427668389588519730849
  owe 12031655097170395952066
  gain 647711881786006053011
  sde 0
  gap 11342005762466451620
  BACKTEST_DAY 13
  block 25749550
  timestamp 1786665599
  debt 2001000000000000000000000
  nav 2002156023155634253922231
  tab 1404695732594643152381
  rebate 465875213946313687036
  owe 13034293021934592742293
  gain 703592504958131073764
  sde 0
  gap 26319350053828709429
  BACKTEST_DAY 14
  block 25756720
  timestamp 1786751999
  debt 2001000000000000000000000
  nav 2002267673125849855342381
  tab 1605323581339960735200
  rebate 542212525349603442802
  owe 14036930946698798553486
  gain 815242475173732493914
  sde 0
  gap 26319350053828709429
  BACKTEST_DAY 15
  block 25763887
  timestamp 1786838399
  debt 2001000000000000000000000
  nav 2002379328265853742044618
  tab 1805951430085276650957
  rebate 618554081870539444160
  owe 15039568871462996033533
  gain 926897615177619196151
  sde 0
  gap 26319350053828709429
  BACKTEST_DAY 16
  block 25771073
  timestamp 1786924799
  debt 2001000000000000000000000
  nav 2002490989121711741426467
  tab 2006579278830592357408
  rebate 694900215978412479797
  owe 16042206796227192467571
  gain 1038558471035618578000
  sde 0
  gap 26319350053828709429
  BACKTEST_DAY 17
  block 25778250
  timestamp 1787011199
  debt 3001497000000000000000000
  nav 3002633721565965461757214
  tab 2307520751157189591018
  rebate 771250597998619916548
  owe 17044844720991392577085
  gain 1150209144322088308866
  sde 0
  gap -439598878978920690690
  BACKTEST_DAY 18
  block 25785424
  timestamp 1787097599
  debt 4001497000000000000000000
  nav 4002823736062645978212569
  tab 2708726015960209139661
  rebate 885734134113586757229
  owe 18048690122608391977773
  gain 1317606847663701854525
  sde 0
  gap -416982085640017780994
  BACKTEST_DAY 19
  block 25792601
  timestamp 1787183999
  debt 4001497000000000000000000
  nav 4003046917265600383269812
  tab 3109931280763223508262
  rebate 1038352628253057183072
  owe 19052535524225378417612
  gain 1540788050618106911768
  sde 0
  gap -416982085640017780994
  BACKTEST_DAY 20
  block 25799779
  timestamp 1787270399
  debt 4001497000000000000000000
  nav 4003270079307113817573041
  tab 3511136545566242176085
  rebate 1190979584508739686812
  owe 20056380925842375614424
  gain 1763950092131541214997
  sde 0
  gap -416982085640017780994
  BACKTEST_DAY 21
  block 25806958
  timestamp 1787356799
  debt 5001497000000000000000000
  nav 5003525753975134818302421
  tab 4012605602845678920824
  rebate 1343612708199881404782
  owe 21060226327459368227658
  gain 1987098018740221649625
  sde 0
  gap -384455344227697486242
  BACKTEST_DAY 22
  block 25814126
  timestamp 1787443199
  debt 5001497000000000000000000
  nav 5003804692574601252648272
  tab 4514074660125117797989
  rebate 1534385624854646612956
  owe 22064071729076365109602
  gain 2266036618206655995476
  sde 0
  gap -384455344227697486242
  BACKTEST_DAY 23
  block 25821305
  timestamp 1787529599
  debt 5001497000000000000000000
  nav 5004083683704891082460835
  tab 5015543717404552683357
  rebate 1725168857712608150834
  owe 23067917130693354000730
  gain 2545027748496485808039
  sde 0
  gap -384455344227697486242
  BACKTEST_DAY 24
  block 25828483
  timestamp 1787615999
  debt 5001497000000000000000000
  nav 5004362586319621624949787
  tab 5517012774683989458823
  rebate 1915962831225934646384
  owe 24071762532310346675474
  gain 2823930363227028296991
  sde 0
  gap -384455344227697486242
  BACKTEST_DAY 25
  block 25835657
  timestamp 1787702399
  debt 5001497000000000000000000
  nav 5004641591132230361733247
  tab 6018481831963427901587
  rebate 2106767359007415699377
  owe 25075607933927342687829
  gain 3102935175835765080451
  sde 0
  gap -384455344227697486242
  BACKTEST_DAY 26
  block 25842829
  timestamp 1787788799
  debt 5001497000000000000000000
  nav 5004920629408614726659396
  tab 6519950889242866165086
  rebate 2297582262928756397343
  owe 26079453335544338341331
  gain 3381973452220130006600
  sde 0
  gap -384455344227697486242
  BACKTEST_DAY 27
  block 25850009
  timestamp 1787875199
  debt 7001497000000000000000000
  nav 7005216575434997976254728
  tab 7221947531475139692110
  rebate 2488408450154726460784
  owe 27083298737161326614029
  gain 3661054209261936433155
  sde 0
  gap -367590074886254317465
  BACKTEST_DAY 28
  block 25857181
  timestamp 1787961599
  debt 9001497000000000000000000
  nav 9005659284831175014026791
  tab 8124471758660260543531
  rebate 2755501117355541925969
  owe 28087144138778324200611
  gain 4051449766752005221879
  sde 0
  gap -315276236199285334126
  BACKTEST_DAY 29
  block 25864358
  timestamp 1788047999
  debt 9001497000000000000000000
  nav 9006161364605892486549240
  tab 9026995985845377266718
  rebate 3098865279125062621052
  owe 29090989540395317195506
  gain 4553529541469477744328
  sde 0
  gap -315276236199285334126
  BACKTEST_DAY 30
  block 25871535
  timestamp 1788134399
  debt 9001497000000000000000000
  nav 9006663511469655565013719
  tab 9929520213030490417952
  rebate 3442245527126259348617
  owe 30094834942012306217445
  gain 5055676405232556208807
  sde 0
  gap -315276236199285334126
  BACKTEST_DAY 31
  block 25878704
  timestamp 1788220799
  debt 14001497000000000000000000
  nav 14007218767159237661206371
  tab 11333363402597704186910
  rebate 3785648741821892659667
  owe 31098680343629297289543
  gain 5557818620433504304792
  sde 0
  gap -262162761818137237459
  osero  EoM nav 14007218  debt 14001497
                    Tally (daily)      pipeline (monthly)
  sky share (BR)  1133336      700567
  prime revenue   555781      555781
  sde revenue     0      0
  agent rate      3109868      3114091
  rebates         378564
  net BR (tab-rb) 754771
  equity gap      -26216   (value that entered without a draw, or left without a wipe)
  (cents)

Suite result: ok. 1 passed; 0 failed; 0 skipped; finished in 7.50s (6.96s CPU time)

Ran 1 test suite in 10.10s (7.50s CPU time): 1 tests passed, 0 failed, 0 skipped (1 total tests)
